ParmParse::getval ParmParse::getval(): d_ln_a not found in database
DistributionMapping.verbose(nvals = 1)  :: [0]
Omega_m(nvals = 1)  :: [1]
Omega_r(nvals = 1)  :: [0]
a_ini(nvals = 1)  :: [1e-3]
amr.check_input(nvals = 1)  :: [true]
amr.grid_eff(nvals = 1)  :: [0.69999999999999996]
amr.max_grid_iterations(nvals = 1)  :: [4]
amr.max_grid_size(nvals = 1)  :: [32]
amr.max_level(nvals = 1)  :: [0]
amr.n_cell(nvals = 3)  :: [128, 128, 128]
amr.n_proper(nvals = 1)  :: [1]
amr.ref_ratio(nvals = 2)  :: [2, 2]
amr.refine_grid_layout(nvals = 1)  :: [true]
amr.verbose(nvals = 1)  :: [0]
amrex.abort_on_out_of_gpu_memory(nvals = 1)  :: [false]
amrex.abort_on_unused_inputs(nvals = 1)  :: [false]
amrex.async_out(nvals = 1)  :: [false]
amrex.async_out_nfiles(nvals = 1)  :: [64]
amrex.fpe_trap_invalid(nvals = 1)  :: [false]
amrex.fpe_trap_overflow(nvals = 1)  :: [false]
amrex.fpe_trap_zero(nvals = 1)  :: [false]
amrex.handle_sigabrt(nvals = 1)  :: [true]
amrex.handle_sigfpe(nvals = 1)  :: [true]
amrex.handle_sigill(nvals = 1)  :: [true]
amrex.handle_sigint(nvals = 1)  :: [true]
amrex.handle_sigsegv(nvals = 1)  :: [true]
amrex.handle_sigterm(nvals = 1)  :: [false]
amrex.init_snan(nvals = 1)  :: [false]
amrex.mf.alloc_single_chunk(nvals = 1)  :: [false]
amrex.signal_handling(nvals = 1)  :: [true]
amrex.the_arena_defragmentation(nvals = 1)  :: [true]
amrex.the_arena_init_size(nvals = 1)  :: [8388608]
amrex.the_arena_is_managed(nvals = 1)  :: [false]
amrex.the_arena_release_threshold(nvals = 1)  :: [9223372036854775807]
amrex.the_comms_arena_defragmentation(nvals = 1)  :: [true]
amrex.the_comms_arena_init_size(nvals = 1)  :: [8388608]
amrex.the_comms_arena_release_threshold(nvals = 1)  :: [9223372036854775807]
amrex.the_device_arena_defragmentation(nvals = 1)  :: [true]
amrex.the_device_arena_init_size(nvals = 1)  :: [8388608]
amrex.the_device_arena_release_threshold(nvals = 1)  :: [9223372036854775807]
amrex.the_managed_arena_defragmentation(nvals = 1)  :: [true]
amrex.the_managed_arena_init_size(nvals = 1)  :: [8388608]
amrex.the_managed_arena_release_threshold(nvals = 1)  :: [9223372036854775807]
amrex.the_pinned_arena_defragmentation(nvals = 1)  :: [true]
amrex.the_pinned_arena_init_size(nvals = 1)  :: [8388608]
amrex.the_pinned_arena_release_threshold(nvals = 1)  :: [9223372036854775807]
amrex.throw_exception(nvals = 1)  :: [false]
amrex.use_gpu_aware_mpi(nvals = 1)  :: [false]
amrex.vector_growth_factor(nvals = 1)  :: [1.5]
amrex.verbose(nvals = 1)  :: [1]
d_a(nvals = 1)  :: [5e-4]
fabarray.comm_tile_size(nvals = 3)  :: [1024000, 1024000, 1024000]
fabarray.mfiter_tile_size(nvals = 3)  :: [1024000, 8, 8]
geometry.coord_sys(nvals = 1)  :: [0]
geometry.is_periodic(nvals = 3)  :: [0, 0, 0]
geometry.prob_hi(nvals = 3)  :: [4, 4, 4]
geometry.prob_lo(nvals = 3)  :: [0, 0, 0]
ic_file(nvals = 1)  :: [comoving_sphere1000_ics.txt]
mass(nvals = 1)  :: [1e-3]
max_level(nvals = 1)  :: [0]
max_step(nvals = 1)  :: [1000]
n_buffer(nvals = 1)  :: [2]
n_part(nvals = 1)  :: [2]
plot_int(nvals = 1)  :: [1]
regrid_int(nvals = 1)  :: [2]
rho_err(nvals = 1)  :: [10000]
unit_length_cm(nvals = 1)  :: [3.086e+24]
unit_mass_g(nvals = 1)  :: [1.989e43]
unit_vel_cm_s(nvals = 1)  :: [1e5]
amrex::Abort::SIGABRT
See Backtrace.0 file for details
